*** Start analyzing build configuration ***
INFO: Auto-config - Scanning: /home/krzysiuwu/Repositories/pit-stop
INFO: Auto-config - VLOG: /home/krzysiuwu/Repositories/pit-stop
INFO: Auto-config - VHDL: /home/krzysiuwu/Repositories/pit-stop
INFO: Auto-config - Wrote:
    .dvt/default.build.auto.1
*** List of included argument files ***
    Build configuration file:  /home/krzysiuwu/Repositories/pit-stop/.dvt/default.build
    -f /home/krzysiuwu/Repositories/pit-stop/.dvt/default.build.auto.1
*** List of invocations ***
Invocation #1 +dvt_init+dvt in /home/krzysiuwu/Repositories/pit-stop/.dvt/default.build.auto.1 at line 9
Invocation #2 +dvt_init+dvt in /home/krzysiuwu/Repositories/pit-stop/.dvt/default.build.auto.1 at line 33
*** Error: BUILD_CONFIG: [AUTO] Unable to infer Xilinx installation location because no vivado or ise executable found in $PATH environment variable.
    at line 29 in /home/krzysiuwu/Repositories/pit-stop/.dvt/default.build.auto.1:29 [invocation 1]
*** Done analyzing build configuration [134 ms] ***

*** Start VHDL build ***
*** Invocation #2***
Loading (1) /home/krzysiuwu/Repositories/pit-stop/vhd/Ps2Interface.vhd ...
Done /home/krzysiuwu/Repositories/pit-stop/vhd/Ps2Interface.vhd [17 ms, 808 lines, VHDL_2008] ...
Loading (2) /home/krzysiuwu/Repositories/pit-stop/vhd/MouseDisplay.vhd ...
Done /home/krzysiuwu/Repositories/pit-stop/vhd/MouseDisplay.vhd [3 ms, 247 lines, VHDL_2008] ...
Loading (3) /home/krzysiuwu/Repositories/pit-stop/vhd/MouseCtl.vhd ...
Done /home/krzysiuwu/Repositories/pit-stop/vhd/MouseCtl.vhd [20 ms, 1169 lines, VHDL_2008] ...
*** Done invocation #2 [44 ms] ***
*** Done parsing [191 ms] ***
*** Total number of lines [2 224] ***
Performing post full build step 1 (VHDL - RU) [20 ms] ...
*** Files summary [3 total, 3 unique] ***
*** Done VHDL build [212 ms] ***

*** Start SystemVerilog build ***
*** Invocation #1***
Loading (1) /home/krzysiuwu/Repositories/pit-stop/clock/clk_wiz_0.v ...
Done /home/krzysiuwu/Repositories/pit-stop/clock/clk_wiz_0.v [14 ms, 94 lines, Verilog_2001] ...
Loading (2) /home/krzysiuwu/Repositories/pit-stop/clock/clk_wiz_0_clk_wiz.v ...
Done /home/krzysiuwu/Repositories/pit-stop/clock/clk_wiz_0_clk_wiz.v [14 ms, 235 lines, Verilog_2001] ...
Loading (3) /home/krzysiuwu/Repositories/pit-stop/fpga/rtl/top_vga_basys3.sv ...
Done /home/krzysiuwu/Repositories/pit-stop/fpga/rtl/top_vga_basys3.sv [3 ms, 97 lines, SystemVerilog_2012] ...
Loading (4) /home/krzysiuwu/Repositories/pit-stop/rtl/top_vga.sv ...
Done /home/krzysiuwu/Repositories/pit-stop/rtl/top_vga.sv [6 ms, 133 lines, SystemVerilog_2012] ...
Loading (5) /home/krzysiuwu/Repositories/pit-stop/rtl/vga_if.sv ...
Done /home/krzysiuwu/Repositories/pit-stop/rtl/vga_if.sv [2 ms, 32 lines, SystemVerilog_2012] ...
Loading (6) /home/krzysiuwu/Repositories/pit-stop/sim/common/tiff_writer.sv ...
Done /home/krzysiuwu/Repositories/pit-stop/sim/common/tiff_writer.sv [33 ms, 405 lines, SystemVerilog_2012] ...
Loading (7) /home/krzysiuwu/Repositories/pit-stop/sim/top_fpga/top_fpga_tb.sv ...
Done /home/krzysiuwu/Repositories/pit-stop/sim/top_fpga/top_fpga_tb.sv [4 ms, 114 lines, SystemVerilog_2012] ...
Loading (8) /home/krzysiuwu/Repositories/pit-stop/sim/top_vga/top_vga_tb.sv ...
Done /home/krzysiuwu/Repositories/pit-stop/sim/top_vga/top_vga_tb.sv [3 ms, 108 lines, SystemVerilog_2012] ...
Loading (9) /home/krzysiuwu/Repositories/pit-stop/rtl/vga_pkg.sv ...
Done /home/krzysiuwu/Repositories/pit-stop/rtl/vga_pkg.sv [1 ms, 31 lines, SystemVerilog_2012] ...
Loading (10) /home/krzysiuwu/Repositories/pit-stop/sim/vga_timing/vga_timing_tb.sv ...
Done /home/krzysiuwu/Repositories/pit-stop/sim/vga_timing/vga_timing_tb.sv [3 ms, 113 lines, SystemVerilog_2012] ...
Loading (11) /home/krzysiuwu/Repositories/pit-stop/rtl/vga_timing.sv ...
Done /home/krzysiuwu/Repositories/pit-stop/rtl/vga_timing.sv [4 ms, 105 lines, SystemVerilog_2012] ...
Loading (12) /home/krzysiuwu/Repositories/pit-stop/rtl/draw_rect.sv ...
Done /home/krzysiuwu/Repositories/pit-stop/rtl/draw_rect.sv [4 ms, 80 lines, SystemVerilog_2012] ...
Loading (13) /home/krzysiuwu/Repositories/pit-stop/rtl/draw_mouse.sv ...
Done /home/krzysiuwu/Repositories/pit-stop/rtl/draw_mouse.sv [2 ms, 78 lines, SystemVerilog_2012] ...
Loading (14) /home/krzysiuwu/Repositories/pit-stop/rtl/draw_bg.sv ...
Done /home/krzysiuwu/Repositories/pit-stop/rtl/draw_bg.sv [6 ms, 106 lines, SystemVerilog_2012] ...
Loading (15) /home/krzysiuwu/Repositories/pit-stop/sim/common/glbl.v ...
Done /home/krzysiuwu/Repositories/pit-stop/sim/common/glbl.v [3 ms, 85 lines, Verilog_2001] ...
*** Done invocation #1 [109 ms] ***
*** Done parsing [LT 66 ms, PT 109 ms] ***
*** Total number of lines [1 816] ***
Performing post full build actions ...
Performing post full build step 1 (SRI) [0 ms] ...
Performing post full build step 2 (RI) [5 ms] ...
Performing post full build step 3 (RCP) [4 ms] ...
*** Files summary [15 total, 15 unique, 0 optimized] ***
*** Done SystemVerilog build [240 ms] ***

*** Start mixed mode extension build ***
Performing mixed post full build step (VHDL - RU) [6 ms] ...
*** Error: UNDECLARED_LIBRARY: Library 'UNISIM' is not declared
    at line 147 in /home/krzysiuwu/Repositories/pit-stop/vhd/Ps2Interface.vhd:147 [compile index 1]
*** Error: UNDECLARED_LIBRARY: Library 'UNISIM' is not declared
    at line 148 in /home/krzysiuwu/Repositories/pit-stop/vhd/Ps2Interface.vhd:148 [compile index 1]
*** Warning: DEPRECATED_PACKAGE: Package 'IEEE.STD_LOGIC_ARITH' is deprecated, use 'IEEE.NUMERIC_STD' standard package
    at line 143 in /home/krzysiuwu/Repositories/pit-stop/vhd/Ps2Interface.vhd:143 [compile index 1]
*** Warning: DEPRECATED_PACKAGE: Package 'IEEE.STD_LOGIC_UNSIGNED' is deprecated, use 'IEEE.NUMERIC_STD' standard package
    at line 144 in /home/krzysiuwu/Repositories/pit-stop/vhd/Ps2Interface.vhd:144 [compile index 1]
*** Warning: DEPRECATED_PACKAGE: Package 'IEEE.STD_LOGIC_ARITH' is deprecated, use 'IEEE.NUMERIC_STD' standard package
    at line 84 in /home/krzysiuwu/Repositories/pit-stop/vhd/MouseDisplay.vhd:84 [compile index 2]
*** Warning: DEPRECATED_PACKAGE: Package 'IEEE.STD_LOGIC_UNSIGNED' is deprecated, use 'IEEE.NUMERIC_STD' standard package
    at line 85 in /home/krzysiuwu/Repositories/pit-stop/vhd/MouseDisplay.vhd:85 [compile index 2]
*** Error: UNDECLARED_LIBRARY: Library 'UNISIM' is not declared
    at line 174 in /home/krzysiuwu/Repositories/pit-stop/vhd/MouseCtl.vhd:174 [compile index 3]
*** Error: UNDECLARED_LIBRARY: Library 'UNISIM' is not declared
    at line 175 in /home/krzysiuwu/Repositories/pit-stop/vhd/MouseCtl.vhd:175 [compile index 3]
*** Warning: DEPRECATED_PACKAGE: Package 'IEEE.STD_LOGIC_ARITH' is deprecated, use 'IEEE.NUMERIC_STD' standard package
    at line 170 in /home/krzysiuwu/Repositories/pit-stop/vhd/MouseCtl.vhd:170 [compile index 3]
*** Warning: DEPRECATED_PACKAGE: Package 'IEEE.STD_LOGIC_UNSIGNED' is deprecated, use 'IEEE.NUMERIC_STD' standard package
    at line 171 in /home/krzysiuwu/Repositories/pit-stop/vhd/MouseCtl.vhd:171 [compile index 3]
Performing mixed post full build step (VHDL - RT) [254 ms] ...
Performing mixed post full build step (VLOG - RI) [1 ms] ...
*** Warning: UNSPECIFIED_TOP: Please specify a -top module/entity/configuration in the project build file
*** Top design candidates: work.top_fpga_tb, work.top_vga_tb, work.vga_timing_tb
Performing mixed post full build step (MIXED - ELAB) [373 ms] ...
Performing mixed post full build step (MIXED - UNEL) [51 ms] ...
*** Warning: MISSING_PORT_CONNECTION: Instance 'dut' of module 'top_vga_basys3' is missing port connection to inout 'PS2Data, PS2Clk'
    at line 61 in /home/krzysiuwu/Repositories/pit-stop/sim/top_fpga/top_fpga_tb.sv:61 [compile index 7]
*** Warning: UNDECLARED_MODULE: Module 'IBUF' is not declared
    at line 83 in /home/krzysiuwu/Repositories/pit-stop/clock/clk_wiz_0_clk_wiz.v:83 [compile index 2]
*** Warning: UNDECLARED_MODULE: Module 'MMCME2_ADV' is not declared
    at line 130 in /home/krzysiuwu/Repositories/pit-stop/clock/clk_wiz_0_clk_wiz.v:130 [compile index 2]
*** Warning: UNDECLARED_MODULE: Module 'BUFG' is not declared
    at line 196 in /home/krzysiuwu/Repositories/pit-stop/clock/clk_wiz_0_clk_wiz.v:196 [compile index 2]
*** Warning: UNDECLARED_MODULE: Module 'BUFGCE' is not declared
    at line 206 in /home/krzysiuwu/Repositories/pit-stop/clock/clk_wiz_0_clk_wiz.v:206 [compile index 2]
*** Warning: UNDECLARED_MODULE: Module 'BUFH' is not declared
    at line 211 in /home/krzysiuwu/Repositories/pit-stop/clock/clk_wiz_0_clk_wiz.v:211 [compile index 2]
*** Warning: UNDECLARED_MODULE: Module 'BUFGCE' is not declared
    at line 218 in /home/krzysiuwu/Repositories/pit-stop/clock/clk_wiz_0_clk_wiz.v:218 [compile index 2]
*** Warning: UNDECLARED_MODULE: Module 'BUFH' is not declared
    at line 223 in /home/krzysiuwu/Repositories/pit-stop/clock/clk_wiz_0_clk_wiz.v:223 [compile index 2]
*** Warning: IMPLICIT_DECLARATION: Implicit declaration of 'clk100MHz_clk_wiz_0_en_clk' using `default_nettype set to wire
    at line 212 in /home/krzysiuwu/Repositories/pit-stop/clock/clk_wiz_0_clk_wiz.v:212 [compile index 2]
*** Warning: IMPLICIT_DECLARATION: Implicit declaration of 'clk40MHz_clk_wiz_0_en_clk' using `default_nettype set to wire
    at line 224 in /home/krzysiuwu/Repositories/pit-stop/clock/clk_wiz_0_clk_wiz.v:224 [compile index 2]
*** Warning: UNDECLARED_MODULE: Module 'ODDR' is not declared
    at line 68 in /home/krzysiuwu/Repositories/pit-stop/fpga/rtl/top_vga_basys3.sv:68 [compile index 3]
*** Warning: MISSING_PORT_CONNECTION: Instance 'uMouseCtl' of entity 'MouseCtl' is missing port connection to input 'value, setx, sety, setmax_x, ...'
    at line 113 in /home/krzysiuwu/Repositories/pit-stop/rtl/top_vga.sv:113 [compile index 4]
*** Warning: MISSING_PORT_CONNECTION: Instance 'uMouseCtl' of entity 'MouseCtl' is missing port connection to output 'zpos, left, middle, right, ...'
    at line 113 in /home/krzysiuwu/Repositories/pit-stop/rtl/top_vga.sv:113 [compile index 4]
*** Warning: MISSING_PORT_CONNECTION: Instance 'uMouseDisplay' of entity 'MouseDisplay' is missing port connection to output 'enable_mouse_display_out'
    at line 64 in /home/krzysiuwu/Repositories/pit-stop/rtl/draw_mouse.sv:64 [compile index 13]
*** Warning: MISSING_PORT_CONNECTION: Instance 'dut' of module 'top_vga' is missing port connection to inout 'ps2_clk, ps2_data'
    at line 62 in /home/krzysiuwu/Repositories/pit-stop/sim/top_vga/top_vga_tb.sv:62 [compile index 8]
*** Warning: MISSING_PORT_CONNECTION: Instance 'dut' of module 'top_vga' is missing port connection to input 'clk_100MHz'
    at line 62 in /home/krzysiuwu/Repositories/pit-stop/sim/top_vga/top_vga_tb.sv:62 [compile index 8]
*** Warning: WIDTH_MISMATCH_TRUNCATION: Assignment to 'vcount' of '11-bit' type from ''b0' of '32-bit' type
    at line 32 in /home/krzysiuwu/Repositories/pit-stop/rtl/vga_timing.sv:32 [compile index 11]
*** Warning: WIDTH_MISMATCH_TRUNCATION: Assignment to 'vsync' of '1-bit' type from ''b0' of '32-bit' type
    at line 33 in /home/krzysiuwu/Repositories/pit-stop/rtl/vga_timing.sv:33 [compile index 11]
*** Warning: WIDTH_MISMATCH_TRUNCATION: Assignment to 'vblnk' of '1-bit' type from ''b0' of '32-bit' type
    at line 34 in /home/krzysiuwu/Repositories/pit-stop/rtl/vga_timing.sv:34 [compile index 11]
*** Warning: WIDTH_MISMATCH_TRUNCATION: Assignment to 'hcount' of '11-bit' type from ''b0' of '32-bit' type
    at line 35 in /home/krzysiuwu/Repositories/pit-stop/rtl/vga_timing.sv:35 [compile index 11]
*** Warning: WIDTH_MISMATCH_TRUNCATION: Assignment to 'hsync' of '1-bit' type from ''b0' of '32-bit' type
    at line 36 in /home/krzysiuwu/Repositories/pit-stop/rtl/vga_timing.sv:36 [compile index 11]
*** Warning: WIDTH_MISMATCH_TRUNCATION: Assignment to 'hblnk' of '1-bit' type from ''b0' of '32-bit' type
    at line 37 in /home/krzysiuwu/Repositories/pit-stop/rtl/vga_timing.sv:37 [compile index 11]
*** Warning: WIDTH_MISMATCH_TRUNCATION: Assignment to 'hcount_nxt' of '11-bit' type from ''b0' of '32-bit' type
    at line 59 in /home/krzysiuwu/Repositories/pit-stop/rtl/vga_timing.sv:59 [compile index 11]
*** Warning: WIDTH_MISMATCH_TRUNCATION: Assignment to 'hblnk_nxt' of '1-bit' type from ''b0' of '32-bit' type
    at line 66 in /home/krzysiuwu/Repositories/pit-stop/rtl/vga_timing.sv:66 [compile index 11]
*** Warning: WIDTH_MISMATCH_TRUNCATION: Assignment to 'vblnk_nxt' of '1-bit' type from ''b1' of '32-bit' type
    at line 69 in /home/krzysiuwu/Repositories/pit-stop/rtl/vga_timing.sv:69 [compile index 11]
*** Warning: WIDTH_MISMATCH_TRUNCATION: Assignment to 'vsync_nxt' of '1-bit' type from ''b1' of '32-bit' type
    at line 73 in /home/krzysiuwu/Repositories/pit-stop/rtl/vga_timing.sv:73 [compile index 11]
*** Warning: WIDTH_MISMATCH_TRUNCATION: Assignment to 'vsync_nxt' of '1-bit' type from ''b0' of '32-bit' type
    at line 75 in /home/krzysiuwu/Repositories/pit-stop/rtl/vga_timing.sv:75 [compile index 11]
*** Warning: WIDTH_MISMATCH_TRUNCATION: Assignment to 'hblnk_nxt' of '1-bit' type from ''b1' of '32-bit' type
    at line 80 in /home/krzysiuwu/Repositories/pit-stop/rtl/vga_timing.sv:80 [compile index 11]
*** Warning: WIDTH_MISMATCH_TRUNCATION: Assignment to 'hsync_nxt' of '1-bit' type from ''b1' of '32-bit' type
    at line 83 in /home/krzysiuwu/Repositories/pit-stop/rtl/vga_timing.sv:83 [compile index 11]
*** Warning: WIDTH_MISMATCH_TRUNCATION: Assignment to 'hsync_nxt' of '1-bit' type from ''b0' of '32-bit' type
    at line 85 in /home/krzysiuwu/Repositories/pit-stop/rtl/vga_timing.sv:85 [compile index 11]
*** Warning: WIDTH_MISMATCH_TRUNCATION: Assignment to 'hcount_nxt' of '11-bit' type from ''b0' of '32-bit' type
    at line 93 in /home/krzysiuwu/Repositories/pit-stop/rtl/vga_timing.sv:93 [compile index 11]
*** Warning: WIDTH_MISMATCH_TRUNCATION: Assignment to 'vcount_nxt' of '11-bit' type from ''b0' of '32-bit' type
    at line 94 in /home/krzysiuwu/Repositories/pit-stop/rtl/vga_timing.sv:94 [compile index 11]
*** Warning: WIDTH_MISMATCH_TRUNCATION: Assignment to 'vsync_nxt' of '1-bit' type from ''b0' of '32-bit' type
    at line 95 in /home/krzysiuwu/Repositories/pit-stop/rtl/vga_timing.sv:95 [compile index 11]
*** Warning: WIDTH_MISMATCH_TRUNCATION: Assignment to 'vblnk_nxt' of '1-bit' type from ''b0' of '32-bit' type
    at line 96 in /home/krzysiuwu/Repositories/pit-stop/rtl/vga_timing.sv:96 [compile index 11]
*** Warning: WIDTH_MISMATCH_TRUNCATION: Assignment to 'hsync_nxt' of '1-bit' type from ''b0' of '32-bit' type
    at line 97 in /home/krzysiuwu/Repositories/pit-stop/rtl/vga_timing.sv:97 [compile index 11]
*** Warning: WIDTH_MISMATCH_TRUNCATION: Assignment to 'hblnk_nxt' of '1-bit' type from ''b0' of '32-bit' type
    at line 98 in /home/krzysiuwu/Repositories/pit-stop/rtl/vga_timing.sv:98 [compile index 11]
*** Warning: ASSIGNMENT_BLOCKING: Blocking assignment of 'frame_number' in sequential logic (use non-blocking assignment)
    at line 401 in /home/krzysiuwu/Repositories/pit-stop/sim/common/tiff_writer.sv:401 [compile index 6]
*** Warning: UNELABORATED_MODULE: Module 'work.glbl' is not elaborated
    at line 6 in /home/krzysiuwu/Repositories/pit-stop/sim/common/glbl.v:6 [compile index 15]
*** Warning: SENSITIVITY_UNUSED: The process is not sensitive to 'periodic_check_cnt'
    at line 386 in /home/krzysiuwu/Repositories/pit-stop/vhd/MouseCtl.vhd:386 [compile index 3]
*** Warning: SENSITIVITY_UNUSED: The process is not sensitive to 'reset_periodic_check_cnt'
    at line 386 in /home/krzysiuwu/Repositories/pit-stop/vhd/MouseCtl.vhd:386 [compile index 3]
*** Warning: SENSITIVITY_UNUSED: The process is not sensitive to 'timeout_cnt'
    at line 402 in /home/krzysiuwu/Repositories/pit-stop/vhd/MouseCtl.vhd:402 [compile index 3]
*** Warning: SENSITIVITY_UNUSED: The process is not sensitive to 'reset_timeout_cnt'
    at line 402 in /home/krzysiuwu/Repositories/pit-stop/vhd/MouseCtl.vhd:402 [compile index 3]
*** Warning: SENSITIVITY_UNUSED: The process is not sensitive to 'rst'
    at line 560 in /home/krzysiuwu/Repositories/pit-stop/vhd/MouseCtl.vhd:560 [compile index 3]
*** Warning: SENSITIVITY_UNUSED: The process is not sensitive to 'rst'
    at line 573 in /home/krzysiuwu/Repositories/pit-stop/vhd/MouseCtl.vhd:573 [compile index 3]
*** Warning: REDUNDANT_OTHERS_CHOICE: Case choice 'others' is redundant
    at line 1160 in /home/krzysiuwu/Repositories/pit-stop/vhd/MouseCtl.vhd:1160 [compile index 3]
*** Warning: SENSITIVITY_UNUSED: The process is not sensitive to 'state'
    at line 439 in /home/krzysiuwu/Repositories/pit-stop/vhd/Ps2Interface.vhd:439 [compile index 1]
*** Warning: SENSITIVITY_UNUSED: The process is not sensitive to 'ps2_clk_s'
    at line 439 in /home/krzysiuwu/Repositories/pit-stop/vhd/Ps2Interface.vhd:439 [compile index 1]
*** Warning: SENSITIVITY_UNUSED: The process is not sensitive to 'ps2_data_s'
    at line 439 in /home/krzysiuwu/Repositories/pit-stop/vhd/Ps2Interface.vhd:439 [compile index 1]
*** Warning: SENSITIVITY_UNUSED: The process is not sensitive to 'write_data'
    at line 439 in /home/krzysiuwu/Repositories/pit-stop/vhd/Ps2Interface.vhd:439 [compile index 1]
*** Warning: SENSITIVITY_UNUSED: The process is not sensitive to 'tx_data'
    at line 439 in /home/krzysiuwu/Repositories/pit-stop/vhd/Ps2Interface.vhd:439 [compile index 1]
*** Warning: SENSITIVITY_UNUSED: The process is not sensitive to 'bit_count'
    at line 440 in /home/krzysiuwu/Repositories/pit-stop/vhd/Ps2Interface.vhd:440 [compile index 1]
*** Warning: SENSITIVITY_UNUSED: The process is not sensitive to 'rx_parity'
    at line 440 in /home/krzysiuwu/Repositories/pit-stop/vhd/Ps2Interface.vhd:440 [compile index 1]
*** Warning: SENSITIVITY_UNUSED: The process is not sensitive to 'frame'
    at line 440 in /home/krzysiuwu/Repositories/pit-stop/vhd/Ps2Interface.vhd:440 [compile index 1]
*** Warning: SENSITIVITY_UNUSED: The process is not sensitive to 'delay_100us_done'
    at line 440 in /home/krzysiuwu/Repositories/pit-stop/vhd/Ps2Interface.vhd:440 [compile index 1]
*** Warning: SENSITIVITY_UNUSED: The process is not sensitive to 'delay_20us_done'
    at line 441 in /home/krzysiuwu/Repositories/pit-stop/vhd/Ps2Interface.vhd:441 [compile index 1]
*** Warning: SENSITIVITY_UNUSED: The process is not sensitive to 'delay_63clk_done'
    at line 441 in /home/krzysiuwu/Repositories/pit-stop/vhd/Ps2Interface.vhd:441 [compile index 1]
*** Warning: REDUNDANT_OTHERS_CHOICE: Case choice 'others' is redundant
    at line 675 in /home/krzysiuwu/Repositories/pit-stop/vhd/Ps2Interface.vhd:675 [compile index 1]
Performing mixed post full build step (VHDL - RD) [4 ms] ...
Performing mixed post full build step (VHDL - US) [12 ms] ...
Performing mixed post full build step (VHDL - USBD) [51 ms] ...
Performing mixed post full build step (VLOG - RD) [3 ms] ...
Performing mixed post full build step (VLOG - US) [51 ms] ...
*** Warning: SIGNAL_NEVER_USED: Signal 'clk_in2_clk_wiz_0' is never used
    at line 82 in /home/krzysiuwu/Repositories/pit-stop/clock/clk_wiz_0_clk_wiz.v:82 [compile index 2]
*** Warning: SIGNAL_NEVER_USED: Signal 'clk_out3_clk_wiz_0' is never used
    at line 99 in /home/krzysiuwu/Repositories/pit-stop/clock/clk_wiz_0_clk_wiz.v:99 [compile index 2]
*** Warning: SIGNAL_NEVER_USED: Signal 'clk_out4_clk_wiz_0' is never used
    at line 100 in /home/krzysiuwu/Repositories/pit-stop/clock/clk_wiz_0_clk_wiz.v:100 [compile index 2]
*** Warning: SIGNAL_NEVER_USED: Signal 'clk_out5_clk_wiz_0' is never used
    at line 101 in /home/krzysiuwu/Repositories/pit-stop/clock/clk_wiz_0_clk_wiz.v:101 [compile index 2]
*** Warning: SIGNAL_NEVER_USED: Signal 'clk_out6_clk_wiz_0' is never used
    at line 102 in /home/krzysiuwu/Repositories/pit-stop/clock/clk_wiz_0_clk_wiz.v:102 [compile index 2]
*** Warning: SIGNAL_NEVER_USED: Signal 'clk_out7_clk_wiz_0' is never used
    at line 103 in /home/krzysiuwu/Repositories/pit-stop/clock/clk_wiz_0_clk_wiz.v:103 [compile index 2]
*** Warning: INTERNAL_GENERATED_CLOCK: Clock signal 'clk100MHz_clk_wiz_0_en_clk' is not an input port
    at line 214 in /home/krzysiuwu/Repositories/pit-stop/clock/clk_wiz_0_clk_wiz.v:214 [compile index 2]
*** Warning: INTERNAL_GENERATED_CLOCK: Clock signal 'clk40MHz_clk_wiz_0_en_clk' is not an input port
    at line 227 in /home/krzysiuwu/Repositories/pit-stop/clock/clk_wiz_0_clk_wiz.v:227 [compile index 2]
*** Warning: SIGNAL_NEVER_READ: Signal 'locked' is never read (connected to sub-instance output port)
    at line 36 in /home/krzysiuwu/Repositories/pit-stop/fpga/rtl/top_vga_basys3.sv:36 [compile index 3]
*** Warning: INTERNAL_GENERATED_RESET: Reset signal 'file_open' is not an input port
    at line 388 in /home/krzysiuwu/Repositories/pit-stop/sim/common/tiff_writer.sv:388 [compile index 6]
*** Warning: MULTIPLE_CLOCKS_BLOCK: Procedural block driven by multiple clocks (go_delayed, go)
    at line 395 in /home/krzysiuwu/Repositories/pit-stop/sim/common/tiff_writer.sv:395 [compile index 6]
*** Warning: SIGNAL_NEVER_READ: Signal 'hs' is never read (connected to sub-instance output port)
    at line 43 in /home/krzysiuwu/Repositories/pit-stop/sim/top_fpga/top_fpga_tb.sv:43 [compile index 7]
*** Warning: SIGNAL_NEVER_READ: Signal 'hs' is never read (connected to sub-instance output port)
    at line 42 in /home/krzysiuwu/Repositories/pit-stop/sim/top_vga/top_vga_tb.sv:42 [compile index 8]
*** Warning: SIGNAL_NEVER_READ: Signal 'vcount' is never read (connected to sub-instance output port)
    at line 35 in /home/krzysiuwu/Repositories/pit-stop/sim/vga_timing/vga_timing_tb.sv:35 [compile index 10]
*** Warning: SIGNAL_NEVER_READ: Signal 'hcount' is never read (connected to sub-instance output port)
    at line 35 in /home/krzysiuwu/Repositories/pit-stop/sim/vga_timing/vga_timing_tb.sv:35 [compile index 10]
*** Warning: SIGNAL_NEVER_READ: Signal 'vsync' is never read (connected to sub-instance output port)
    at line 36 in /home/krzysiuwu/Repositories/pit-stop/sim/vga_timing/vga_timing_tb.sv:36 [compile index 10]
*** Warning: SIGNAL_NEVER_READ: Signal 'hsync' is never read (connected to sub-instance output port)
    at line 36 in /home/krzysiuwu/Repositories/pit-stop/sim/vga_timing/vga_timing_tb.sv:36 [compile index 10]
*** Warning: SIGNAL_NEVER_READ: Signal 'vblnk' is never read (connected to sub-instance output port)
    at line 37 in /home/krzysiuwu/Repositories/pit-stop/sim/vga_timing/vga_timing_tb.sv:37 [compile index 10]
*** Warning: SIGNAL_NEVER_READ: Signal 'hblnk' is never read (connected to sub-instance output port)
    at line 37 in /home/krzysiuwu/Repositories/pit-stop/sim/vga_timing/vga_timing_tb.sv:37 [compile index 10]
*** Warning: SIGNAL_RESET_BUT_NOT_DRIVEN: Signal 'rgb' is reset but not driven
    at line 51 in /home/krzysiuwu/Repositories/pit-stop/rtl/draw_mouse.sv:51 [compile index 13]
*** Warning: SIGNAL_NEVER_READ: Signal 'GSR' is never read
    at line 14 in /home/krzysiuwu/Repositories/pit-stop/sim/common/glbl.v:14 [compile index 15]
*** Warning: SIGNAL_NEVER_READ: Signal 'GTS' is never read
    at line 15 in /home/krzysiuwu/Repositories/pit-stop/sim/common/glbl.v:15 [compile index 15]
*** Warning: SIGNAL_NEVER_USED: Signal 'GWE' is never used
    at line 16 in /home/krzysiuwu/Repositories/pit-stop/sim/common/glbl.v:16 [compile index 15]
*** Warning: SIGNAL_NEVER_READ: Signal 'PRLD' is never read
    at line 17 in /home/krzysiuwu/Repositories/pit-stop/sim/common/glbl.v:17 [compile index 15]
*** Warning: SIGNAL_NEVER_READ: Signal 'GRESTORE' is never read
    at line 18 in /home/krzysiuwu/Repositories/pit-stop/sim/common/glbl.v:18 [compile index 15]
*** Warning: SIGNAL_NEVER_WRITTEN: Signal 'p_up_tmp' is never written
    at line 19 in /home/krzysiuwu/Repositories/pit-stop/sim/common/glbl.v:19 [compile index 15]
*** Warning: SIGNAL_NEVER_READ: Signal 'PLL_LOCKG' is never read
    at line 20 in /home/krzysiuwu/Repositories/pit-stop/sim/common/glbl.v:20 [compile index 15]
*** Warning: SIGNAL_NEVER_USED: Signal 'PROGB_GLBL' is never used
    at line 22 in /home/krzysiuwu/Repositories/pit-stop/sim/common/glbl.v:22 [compile index 15]
*** Warning: SIGNAL_NEVER_USED: Signal 'CCLKO_GLBL' is never used
    at line 23 in /home/krzysiuwu/Repositories/pit-stop/sim/common/glbl.v:23 [compile index 15]
*** Warning: SIGNAL_NEVER_USED: Signal 'FCSBO_GLBL' is never used
    at line 24 in /home/krzysiuwu/Repositories/pit-stop/sim/common/glbl.v:24 [compile index 15]
*** Warning: SIGNAL_NEVER_USED: Signal 'DO_GLBL' is never used
    at line 25 in /home/krzysiuwu/Repositories/pit-stop/sim/common/glbl.v:25 [compile index 15]
*** Warning: SIGNAL_NEVER_USED: Signal 'DI_GLBL' is never used
    at line 26 in /home/krzysiuwu/Repositories/pit-stop/sim/common/glbl.v:26 [compile index 15]
*** Warning: SIGNAL_NEVER_USED: Signal 'JTAG_TDO_GLBL' is never used
    at line 34 in /home/krzysiuwu/Repositories/pit-stop/sim/common/glbl.v:34 [compile index 15]
*** Warning: SIGNAL_NEVER_USED: Signal 'JTAG_TCK_GLBL' is never used
    at line 35 in /home/krzysiuwu/Repositories/pit-stop/sim/common/glbl.v:35 [compile index 15]
*** Warning: SIGNAL_NEVER_USED: Signal 'JTAG_TDI_GLBL' is never used
    at line 36 in /home/krzysiuwu/Repositories/pit-stop/sim/common/glbl.v:36 [compile index 15]
*** Warning: SIGNAL_NEVER_USED: Signal 'JTAG_TMS_GLBL' is never used
    at line 37 in /home/krzysiuwu/Repositories/pit-stop/sim/common/glbl.v:37 [compile index 15]
*** Warning: SIGNAL_NEVER_USED: Signal 'JTAG_TRST_GLBL' is never used
    at line 38 in /home/krzysiuwu/Repositories/pit-stop/sim/common/glbl.v:38 [compile index 15]
*** Warning: SIGNAL_NEVER_USED: Signal 'JTAG_CAPTURE_GLBL' is never used
    at line 40 in /home/krzysiuwu/Repositories/pit-stop/sim/common/glbl.v:40 [compile index 15]
*** Warning: SIGNAL_NEVER_USED: Signal 'JTAG_RESET_GLBL' is never used
    at line 41 in /home/krzysiuwu/Repositories/pit-stop/sim/common/glbl.v:41 [compile index 15]
*** Warning: SIGNAL_NEVER_USED: Signal 'JTAG_SHIFT_GLBL' is never used
    at line 42 in /home/krzysiuwu/Repositories/pit-stop/sim/common/glbl.v:42 [compile index 15]
*** Warning: SIGNAL_NEVER_USED: Signal 'JTAG_UPDATE_GLBL' is never used
    at line 43 in /home/krzysiuwu/Repositories/pit-stop/sim/common/glbl.v:43 [compile index 15]
*** Warning: SIGNAL_NEVER_USED: Signal 'JTAG_RUNTEST_GLBL' is never used
    at line 44 in /home/krzysiuwu/Repositories/pit-stop/sim/common/glbl.v:44 [compile index 15]
*** Warning: SIGNAL_NEVER_READ: Signal 'JTAG_SEL1_GLBL' is never read
    at line 46 in /home/krzysiuwu/Repositories/pit-stop/sim/common/glbl.v:46 [compile index 15]
*** Warning: SIGNAL_NEVER_READ: Signal 'JTAG_SEL2_GLBL' is never read
    at line 47 in /home/krzysiuwu/Repositories/pit-stop/sim/common/glbl.v:47 [compile index 15]
*** Warning: SIGNAL_NEVER_READ: Signal 'JTAG_SEL3_GLBL' is never read
    at line 48 in /home/krzysiuwu/Repositories/pit-stop/sim/common/glbl.v:48 [compile index 15]
*** Warning: SIGNAL_NEVER_READ: Signal 'JTAG_SEL4_GLBL' is never read
    at line 49 in /home/krzysiuwu/Repositories/pit-stop/sim/common/glbl.v:49 [compile index 15]
*** Warning: SIGNAL_NEVER_READ: Signal 'JTAG_USER_TDO1_GLBL' is never read
    at line 51 in /home/krzysiuwu/Repositories/pit-stop/sim/common/glbl.v:51 [compile index 15]
*** Warning: SIGNAL_NEVER_READ: Signal 'JTAG_USER_TDO2_GLBL' is never read
    at line 52 in /home/krzysiuwu/Repositories/pit-stop/sim/common/glbl.v:52 [compile index 15]
*** Warning: SIGNAL_NEVER_READ: Signal 'JTAG_USER_TDO3_GLBL' is never read
    at line 53 in /home/krzysiuwu/Repositories/pit-stop/sim/common/glbl.v:53 [compile index 15]
*** Warning: SIGNAL_NEVER_READ: Signal 'JTAG_USER_TDO4_GLBL' is never read
    at line 54 in /home/krzysiuwu/Repositories/pit-stop/sim/common/glbl.v:54 [compile index 15]
*** Done mixed mode extension build [829 ms] ***
*** Total build time [1s.432ms] ***
